// Jest Snapshot v1, https://goo.gl/fbAQLP

exports[`should have correct files structure 1`] = `
Array [
  ".vscode/settings.json",
  ".vscode/snippets.code-snippets",
  "babel/plugin-resolve-imports.js",
  "pages/404.tsx",
  "pages/_app.ts",
  "pages/_document.ts",
  "pages/dashboard.tsx",
  "pages/index.ts",
  "pages/login.ts",
  "pages/create-account/activate.ts",
  "pages/create-account/index.ts",
  "pages/forgot-password/index.ts",
  "pages/forgot-password/reset.ts",
  "public/mockServiceWorker.js",
  "public/robots.txt",
  "scripts/lint-package-json.js",
  "scripts/rewrite-package-json.js",
  "src/assets/icons/home.svg",
  "src/components/FormError/FormError.tsx",
  "src/components/FormError/index.ts",
  "src/components/Spinner/Spinner.tsx",
  "src/components/Spinner/index.ts",
  "src/containers/Session/Session.tsx",
  "src/containers/Session/index.ts",
  "src/next/App/App.tsx",
  "src/next/App/index.ts",
  "src/next/Document/Document.tsx",
  "src/next/Document/index.ts",
  "src/pages/404/404.tsx",
  "src/pages/404/index.ts",
  "src/pages/ActivateAccount/ActivateAccount.tsx",
  "src/pages/ActivateAccount/index.ts",
  "src/pages/CreateAccount/CreateAccount.tsx",
  "src/pages/CreateAccount/index.ts",
  "src/pages/CreateAccount/types.ts",
  "src/pages/Dashboard/Dashboard.tsx",
  "src/pages/Dashboard/index.ts",
  "src/pages/ForgotPassword/ForgotPassword.tsx",
  "src/pages/ForgotPassword/index.ts",
  "src/pages/ForgotPassword/types.ts",
  "src/pages/Home/Home.tsx",
  "src/pages/Home/index.ts",
  "src/pages/Login/Login.tsx",
  "src/pages/Login/index.ts",
  "src/pages/Login/types.ts",
  "src/pages/ResetPassword/ResetPassword.tsx",
  "src/pages/ResetPassword/index.ts",
  "src/pages/ResetPassword/types.ts",
  "src/services/api/client.ts",
  "src/services/api/index.ts",
  "src/services/api/utils.ts",
  "src/services/auth/api.ts",
  "src/services/auth/const.ts",
  "src/services/auth/index.ts",
  "src/services/auth/utils.ts",
  "src/services/mock-server/browser.ts",
  "src/services/mock-server/handlers.ts",
  "src/services/mock-server/index.ts",
  "src/services/mock-server/server.ts",
  "src/types/core.ts",
  "src/types/react.ts",
  "src/utils/misc.ts",
  "typings/inline-react-svg.d.ts",
  "typings/node.d.ts",
  ".dockerignore",
  ".env.example",
  ".eslintignore",
  ".gitignore",
  ".nvmrc",
  "Dockerfile",
  "README.md",
  "babel.config.js",
  "eslint.config.js",
  "jest.config.js",
  "jest.setup.js",
  "lint-staged.config.js",
  "next-env.d.ts",
  "next.config.js",
  "package.json",
  "prettier.config.js",
  "tsconfig.eslint.json",
  "tsconfig.json",
  "utils.js",
  "yarn.lock",
]
`;
